
                                 *****************
                                 * O   R   C   A *
                                 *****************

                                            #,                                       
                                            ###                                      
                                            ####                                     
                                            #####                                    
                                            ######                                   
                                           ########,                                 
                                     ,,################,,,,,                         
                               ,,#################################,,                 
                          ,,##########################################,,             
                       ,#########################################, ''#####,          
                    ,#############################################,,   '####,        
                  ,##################################################,,,,####,       
                ,###########''''           ''''###############################       
              ,#####''   ,,,,##########,,,,          '''####'''          '####       
            ,##' ,,,,###########################,,,                        '##       
           ' ,,###''''                  '''############,,,                           
         ,,##''                                '''############,,,,        ,,,,,,###''
      ,#''                                            '''#######################'''  
     '                                                          ''''####''''         
             ,#######,   #######,   ,#######,      ##                                
            ,#'     '#,  ##    ##  ,#'     '#,    #''#        ,####,   ,####,        
            ##       ##  ##   ,#'  ##            #'  '#       #'       #'  '#        
            ##       ##  #######   ##           ,######,      #####,   #    #        
            '#,     ,#'  ##    ##  '#,     ,#' ,#      #,     #,   #   #,  ,#        
             '#######'   ##     ##  '#######'  #'      '#     '####' # '####'        



                #########################################################
                #                        -***-                          #
                #          Department of theory and spectroscopy        #
                #                                                       #
                #                      Frank Neese                      #
                #                                                       #
                #     Directorship, Architecture, Infrastructure        #
                #                    SHARK, DRIVERS                     #
                #        Core code/Algorithms in most modules           #
                #                                                       #
                #        Max Planck Institute fuer Kohlenforschung      #
                #                Kaiser Wilhelm Platz 1                 #
                #                 D-45470 Muelheim/Ruhr                 #
                #                      Germany                          #
                #                                                       #
                #                  All rights reserved                  #
                #                        -***-                          #
                #########################################################


                         Program Version 6.0.x  -   STABLE   -
                                (GIT: $65a9ab7$)
                          ($2024-07-16 16:15:05 +0200$)


 With contributions from (in alphabetic order):
   Daniel Aravena         : Magnetic Suceptibility
   Michael Atanasov       : Ab Initio Ligand Field Theory (pilot matlab implementation)
   Alexander A. Auer      : GIAO ZORA, VPT2 properties, NMR spectrum
   Ute Becker             : All parallelization in ORCA, NUMFREQ, NUMCALC
   Giovanni Bistoni       : ED, misc. LED, open-shell LED, HFLD
   Martin Brehm           : Molecular dynamics
   Dmytro Bykov           : pre 5.0 version of the SCF Hessian
   Marcos Casanova-PÃ¡ez   : Triplet and SCS-CIS(D). UHF-(DLPNO)-IP/EA/STEOM-CCSD. UHF-CVS-IP/STEOM-CCSD
   Vijay G. Chilkuri      : MRCI spin determinant printing, contributions to CSF-ICE
   Dipayan Datta          : RHF DLPNO-CCSD density
   Achintya Kumar Dutta   : EOM-CC, STEOM-CC
   Dmitry Ganyushin       : Spin-Orbit,Spin-Spin,Magnetic field MRCI
   Miquel Garcia          : C-PCM and meta-GGA Hessian, CCSD/C-PCM, Gaussian charge scheme
   Yang Guo               : DLPNO-NEVPT2, F12-NEVPT2, CIM, IAO-localization
   Andreas Hansen         : Spin unrestricted coupled pair/coupled cluster methods
   Benjamin Helmich-Paris : MC-RPA, TRAH-(SCF,CASSCF), AVAS, COSX integrals, SCF dyn. polar.
   Lee Huntington         : MR-EOM, pCC
   Robert Izsak           : Overlap fitted RIJCOSX, COSX-SCS-MP3, EOM
   Marcus Kettner         : Initial VPT2
   Christian Kollmar      : KDIIS, OOCD, Brueckner-CCSD(T), CCSD density, CASPT2, CASPT2-K, improved NEVPT2
   Axel Koslowski         : Symmetry handling, petite lists
   Simone Kossmann        : Meta GGA functionals, TD-DFT gradient, OOMP2, (MP2 Hessian; deprecated post 5.0)
   Martin Krupicka        : Initial ORCA-AGE/AUTOCI
   Lucas Lang             : DCDCAS
   Marvin Lechner         : AUTO-CI (C++ implementation), FIC-MRCC
   Dagmar Lenk            : GEPOL surface, SMD, ORCA-2-JSON
   Dimitrios Liakos       : Extrapolation schemes; Compound Job, initial MDCI parallelization
   Dimitrios Manganas     : Further ROCIS development; embedding schemes. LFT, Crystal Embedding
   Dimitrios Pantazis     : SARC Basis sets
   Anastasios Papadopoulos: AUTO-CI, single reference methods and gradients
   Taras Petrenko         : pre 6.0 DFT Hessian and TD-DFT gradient, (ASA, deprecated), ECA, 1-Electron XAS/XES, NRVS
   Peter Pinski           : DLPNO-MP2, DLPNO-MP2 Gradient
   Christoph Reimann      : Effective Core Potentials
   Marius Retegan         : Local ZFS, SOC
   Christoph Riplinger    : Optimizer, TS searches, QM/MM, DLPNO-CCSD(T), (RO)-DLPNO pert. Triples
   Tobias Risthaus        : Range-separated hybrids, TD-DFT gradient, RPA, STAB
   Michael Roemelt        : Original ROCIS implementation
   Masaaki Saitow         : Open-shell DLPNO-CCSD energy and density
   Barbara Sandhoefer     : DKH picture change effects
   Avijit Sen             : IP-ROCIS (deprecated post 5.0)
   Kantharuban Sivalingam : CASSCF convergence/infrastructure, NEVPT2 and variants, FIC-MRCI
   Bernardo de Souza      : ESD, SOC TD-DFT
   Georgi Stoychev        : AutoAux, RI-MP2 NMR, DLPNO-MP2 response, X2C
   Willem Van den Heuvel  : Paramagnetic NMR
   Boris Wezisla          : Elementary symmetry handling
   Frank Wennmohs         : Technical directorship and infrastructure


 We gratefully acknowledge several colleagues who have allowed us to
 interface, adapt or use parts of their codes:
   Stefan Grimme, W. Hujo, H. Kruse, P. Pracht,  : VdW corrections, initial TS optimization,
                  C. Bannwarth, S. Ehlert          DFT functionals, gCP, sTDA/sTD-DF
   Ed Valeev, F. Pavosevic, A. Kumar             : LibInt (2-el integral package), F12 methods
   Garnet Chan, S. Sharma, J. Yang, R. Olivares  : DMRG
   Ulf Ekstrom                                   : XCFun DFT Library
   Mihaly Kallay                                 : mrcc  (arbitrary order and MRCC methods)
   Frank Weinhold                                : gennbo (NPA and NBO analysis)
   Simon Mueller                                 : openCOSMO-RS
   Christopher J. Cramer and Donald G. Truhlar   : smd solvation model
   Lars Goerigk                                  : TD-DFT with DH, B97 family of functionals
   V. Asgeirsson, H. Jonsson                     : NEB implementation
   FAccTs GmbH                                   : IRC, NEB, NEB-TS, DLPNO-Multilevel, CI-OPT
                                                   MM, QMMM, 2- and 3-layer-ONIOM, Crystal-QMMM,
                                                   LR-CPCM, SF, NACMEs, symmetry and pop. for TD-DFT,
                                                   nearIR, NL-DFT gradient (VV10), updates on ESD,
                                                   ML-optimized integration grids
   S Lehtola, MJT Oliveira, MAL Marques          : LibXC Library
   Liviu Ungur et al                             : ANISO software


 Your calculation uses the libint2 library for the computation of 2-el integrals
 For citations please refer to: http://libint.valeyev.net

 Your ORCA version has been built with support for libXC version: 6.2.2
 For citations please refer to: https://libxc.gitlab.io

 This ORCA versions uses:
   CBLAS   interface :  Fast vector & matrix operations
   LAPACKE interface :  Fast linear algebra routines
   SCALAPACK package :  Parallel linear algebra routines
   Shared memory     :  Shared parallel matrices
   BLAS/LAPACK       :  OpenBLAS 0.3.27  USE64BITINT DYNAMIC_ARCH NO_AFFINITY Haswell SINGLE_THREADED
        Core in use  :  Haswell
   Copyright (c) 2011-2014, The OpenBLAS Project


Your calculation utilizes the atom-pairwise dispersion correction
with the Becke-Johnson damping scheme (D3BJ)


================================================================================

----- Orbital basis set information -----
Your calculation utilizes the basis: def2-SVP
   F. Weigend and R. Ahlrichs, Phys. Chem. Chem. Phys. 7, 3297 (2005).

================================================================================
                                        WARNINGS
                       Please study these warnings very carefully!
================================================================================


================================================================================
                                       INPUT FILE
================================================================================
NAME = job.inp
|  1> !HF
|  2> !DEF2-SVP
|  3> !D3
|  4> !SP
|  5> 
|  6> %method
|  7>     D3S6 0.64
|  8>     D3A1 0.3065
|  9>     D3S8 0.9147
| 10>     D3A2 5.0570
| 11> end
| 12> 
| 13> * xyz 0 1
| 14> O         -3.56626        1.77639        0.00000
| 15> H         -2.59626        1.77639        0.00000
| 16> H         -3.88959        1.36040       -0.81444
| 17> *
| 18> 
| 19>                          ****END OF INPUT****
================================================================================

                       ****************************
                       * Single Point Calculation *
                       ****************************

---------------------------------
CARTESIAN COORDINATES (ANGSTROEM)
---------------------------------
  O     -3.566260    1.776390    0.000000
  H     -2.596260    1.776390    0.000000
  H     -3.889590    1.360400   -0.814440

----------------------------
CARTESIAN COORDINATES (A.U.)
----------------------------
  NO LB      ZA    FRAG     MASS         X           Y           Z
   0 O     8.0000    0    15.999   -6.739255    3.356891    0.000000
   1 H     1.0000    0     1.008   -4.906220    3.356891    0.000000
   2 H     1.0000    0     1.008   -7.350260    2.570783   -1.539069

--------------------------------
INTERNAL COORDINATES (ANGSTROEM)
--------------------------------
 O      0   0   0     0.000000000000     0.00000000     0.00000000
 H      1   0   0     0.970000000000     0.00000000     0.00000000
 H      1   2   0     0.970001279690   109.47098507     0.00000000

---------------------------
INTERNAL COORDINATES (A.U.)
---------------------------
 O      0   0   0     0.000000000000     0.00000000     0.00000000
 H      1   0   0     1.833034349904     0.00000000     0.00000000
 H      1   2   0     1.833036768167   109.47098507     0.00000000

---------------------
BASIS SET INFORMATION
---------------------
There are 2 groups of distinct atoms

 Group   1 Type O   : 7s4p1d contracted to 3s2p1d pattern {511/31/1}
 Group   2 Type H   : 4s1p contracted to 2s1p pattern {31/1}

Atom   0O    basis set group =>   1
Atom   1H    basis set group =>   2
Atom   2H    basis set group =>   2
------------------------------------------------------------------------------
                             ORCA STARTUP CALCULATIONS
------------------------------------------------------------------------------
------------------------------------------------------------------------------
                   ___                                                        
                  /   \      - P O W E R E D   B Y -                         
                 /     \                                                     
                 |  |  |   _    _      __       _____    __    __             
                 |  |  |  | |  | |    /  \     |  _  \  |  |  /  |          
                  \  \/   | |  | |   /    \    | | | |  |  | /  /          
                 / \  \   | |__| |  /  /\  \   | |_| |  |  |/  /          
                |  |  |   |  __  | /  /__\  \  |    /   |      \           
                |  |  |   | |  | | |   __   |  |    \   |  |\   \          
                \     /   | |  | | |  |  |  |  | |\  \  |  | \   \       
                 \___/    |_|  |_| |__|  |__|  |_| \__\ |__|  \__/        
                                                                              
                      - O R C A' S   B I G   F R I E N D -                    
                                      &                                       
                       - I N T E G R A L  F E E D E R -                       
                                                                              
 v1 FN, 2020, v2 2021, v3 2022-2024                                           
------------------------------------------------------------------------------


----------------------
SHARK INTEGRAL PACKAGE
----------------------

Number of atoms                             ...      3
Number of basis functions                   ...     24
Number of shells                            ...     12
Maximum angular momentum                    ...      2
Integral batch strategy                     ... SHARK/LIBINT Hybrid
RI-J (if used) integral strategy            ... SPLIT-RIJ (Revised 2003 algorithm where possible)
Printlevel                                  ...      1
Contraction scheme used                     ... SEGMENTED contraction
Prescreening option                         ... SCHWARTZ
   Thresh                                   ... 1.000e-10
   Tcut                                     ... 1.000e-11
   Tpresel                                  ... 1.000e-11 
Coulomb Range Separation                    ... NOT USED
Exchange Range Separation                   ... NOT USED
Multipole approximations                    ... NOT USED
Finite Nucleus Model                        ... NOT USED
CABS basis                                  ... NOT available
Auxiliary Coulomb fitting basis             ... NOT available
Auxiliary J/K fitting basis                 ... NOT available
Auxiliary Correlation fitting basis         ... NOT available
Auxiliary 'external' fitting basis          ... NOT available

Checking pre-screening integrals            ... done (  0.0 sec) Dimension = 12
Check shell pair data                       ... done (  0.0 sec)
Shell pair information
Shell pair cut-off parameter TPreSel        ...   1.0e-11
Total number of shell pairs                 ...        78
Shell pairs after pre-screening             ...        78
Total number of primitive shell pairs       ...       272
Primitive shell pairs kept                  ...       263
          la=0 lb=0:     28 shell pairs
          la=1 lb=0:     28 shell pairs
          la=1 lb=1:     10 shell pairs
          la=2 lb=0:      7 shell pairs
          la=2 lb=1:      4 shell pairs
          la=2 lb=2:      1 shell pairs

Calculating one electron integrals          ... done (  0.0 sec)
Calculating Nuclear repulsion               ... done (  0.0 sec) ENN=      9.062766537149 Eh

Diagonalization of the overlap matrix:
Smallest eigenvalue                        ... 3.975e-02
Time for diagonalization                   ...    0.000 sec
Threshold for overlap eigenvalues          ... 1.000e-07
Number of eigenvalues below threshold      ... 0
Time for construction of square roots      ...    0.000 sec
Total time needed                          ...    0.000 sec

-------------------
DFT GRID GENERATION
-------------------

General Integration Accuracy     IntAcc      ... 4.388
Radial Grid Type                 RadialGrid  ... OptM3 with GC (2021)
Angular Grid (max. ang.)         AngularGrid ... 4 (Lebedev-302)
Angular grid pruning method      GridPruning ... 4 (adaptive)
Weight generation scheme         WeightScheme... mBecke (2022)
Basis function cutoff            BFCut       ... 1.0000e-10
Integration weight cutoff        WCut        ... 1.0000e-14
Partially contracted basis set               ... off
Rotationally invariant grid construction     ... off
Angular grids for H and He will be reduced by one unit

Total number of grid points                  ...    12753
Total number of batches                      ...      200
Average number of points per batch           ...       63
Average number of grid points per atom       ...     4251
Initializing property integral containers    ... done (  0.0 sec)

SHARK setup successfully completed in   0.0 seconds

Maximum memory used throughout the entire STARTUP-calculation: 6.7 MB
-------------------------------------------------------------------------------
                                 ORCA GUESS
                   Start orbitals & Density for SCF / CASSCF
-------------------------------------------------------------------------------

------------
SCF SETTINGS
------------
Hamiltonian:
 Ab initio Hamiltonian  Method          .... Hartree-Fock(GTOs)


General Settings:
 Integral files         IntName         .... job
 Hartree-Fock type      HFTyp           .... RHF
 Total Charge           Charge          ....    0
 Multiplicity           Mult            ....    1
 Number of Electrons    NEL             ....   10
 Basis Dimension        Dim             ....   24
 Nuclear Repulsion      ENuc            ....      9.0627665371 Eh

Convergence Acceleration:
 AO-DIIS                CNVDIIS         .... on
   Start iteration      DIISMaxIt       ....    12
   Startup error        DIISStart       ....  0.200000
   # of expansion vecs  DIISMaxEq       ....     5
   Bias factor          DIISBfac        ....   1.050
   Max. coefficient     DIISMaxC        ....  10.000
 MO-DIIS                CNVKDIIS        .... off
 Trust-Rad. Augm. Hess. CNVTRAH         .... auto
   Auto Start mean grad. ratio tolernc. ....  1.125000
   Auto Start start iteration           ....    50
   Auto Start num. interpolation iter.  ....    10
   Max. Number of Micro iterations      ....    24
   Max. Number of Macro iterations      .... Maxiter - #DIIS iter
   Number of Davidson start vectors     ....     2
   Converg. threshold    (grad. norm)   ....   5.000e-05
   Grad. Scal. Fac. for Micro threshold ....   0.100
   Minimum threshold for Micro iter.    ....   1.000e-02
   NR start threshold (gradient norm)   ....   1.000e-04
   Initial trust radius                 ....   0.400
   Minimum AH scaling param. (alpha)    ....   1.000
   Maximum AH scaling param. (alpha)    .... 1000.000
   Quad. conv. algorithm                .... NR
   White noise on init. David. guess    .... on
   Maximum white noise                  ....   0.010
   Pseudo random numbers                .... off
   Inactive MOs                         .... canonical
   Orbital update algorithm             .... Taylor
   Preconditioner                       .... Diag
   Full preconditioner red. dimension   ....   250
 SOSCF                  CNVSOSCF        .... on
   Start iteration      SOSCFMaxIt      ....   150
   Startup grad/error   SOSCFStart      ....  0.003300
   Hessian update       SOSCFHessUp     .... L-BFGS
 Level Shifting         CNVShift        .... on
   Level shift para.    LevelShift      ....    0.2500
   Turn off err/grad.   ShiftErr        ....    0.0010
 Zerner damping         CNVZerner       .... off
 Static damping         CNVDamp         .... on
   Fraction old density DampFac         ....    0.7000
   Max. Damping (<1)    DampMax         ....    0.9800
   Min. Damping (>=0)   DampMin         ....    0.0000
   Turn off err/grad.   DampErr         ....    0.1000

SCF Procedure:
 Maximum # iterations   MaxIter         ....   125
 SCF integral mode      SCFMode         .... Direct
   Integral package                     .... SHARK and LIBINT hybrid scheme
 Reset frequency        DirectResetFreq ....    20
 Integral Threshold     Thresh          ....  1.000e-10 Eh
 Primitive CutOff       TCut            ....  1.000e-11 Eh

Convergence Tolerance:
 Convergence Check Mode ConvCheckMode   .... Total+1el-Energy
 Convergence forced     ConvForced      .... 0
 Energy Change          TolE            ....  1.000e-06 Eh
 1-El. energy change                    ....  1.000e-03 Eh
 Orbital Gradient       TolG            ....  5.000e-05
 Orbital Rotation angle TolX            ....  5.000e-05
 DIIS Error             TolErr          ....  1.000e-06

------------------------------
INITIAL GUESS: MODEL POTENTIAL
------------------------------
Loading Hartree-Fock densities                     ... done
Calculating cut-offs                               ... done
Initializing the effective Hamiltonian             ... done
Setting up the integral package (SHARK)            ... done
Starting the Coulomb interaction                   ... done (   0.0 sec)
Making the grid                                    ... done (   0.0 sec)
Mapping shells                                     ... done
Starting the XC term evaluation                    ... done (   0.0 sec)
Transforming the Hamiltonian                       ... done (   0.0 sec)
Diagonalizing the Hamiltonian                      ... done (   0.0 sec)
Back transforming the eigenvectors                 ... done (   0.0 sec)
Now organizing SCF variables                       ... done
                      ------------------
                      INITIAL GUESS DONE (   0.0 sec)
                      ------------------
             **** ENERGY FILE WAS UPDATED (job.en.tmp) ****
Finished Guess after   0.0 sec
Maximum memory used throughout the entire GUESS-calculation: 3.4 MB

-------------------------------------------------------------------------------------------
                                      ORCA LEAN-SCF
                              memory conserving SCF solver
-------------------------------------------------------------------------------------------

----------------------------------------D-I-I-S--------------------------------------------
Iteration    Energy (Eh)           Delta-E    RMSDP     MaxDP     DIISErr   Damp  Time(sec)
-------------------------------------------------------------------------------------------
               ***  Starting incremental Fock matrix formation  ***
    1    -75.8668995918862947     0.00e+00  8.93e-03  6.45e-02  3.12e-01  0.700   0.0
    2    -75.9031744718411971    -3.63e-02  6.02e-03  4.46e-02  1.88e-01  0.700   0.0
                               ***Turning on AO-DIIS***
    3    -75.9225238823747475    -1.93e-02  2.32e-03  2.01e-02  1.04e-01  0.700   0.0
    4    -75.9341867661752445    -1.17e-02  1.43e-03  1.30e-02  7.05e-02  0.700   0.0
    5    -75.9419153168875738    -7.73e-03  3.39e-03  3.12e-02  5.04e-02  0.000   0.0
    6    -75.9593008772058198    -1.74e-02  3.44e-04  2.22e-03  4.29e-03  0.000   0.0
                              *** Initializing SOSCF ***
---------------------------------------S-O-S-C-F--------------------------------------
Iteration    Energy (Eh)           Delta-E    RMSDP     MaxDP     MaxGrad    Time(sec)
--------------------------------------------------------------------------------------
    7    -75.9593283435523432    -2.75e-05  2.03e-04  1.11e-03  1.54e-03     0.0
               *** Restarting incremental Fock matrix formation ***
    8    -75.9593343153088085    -5.97e-06  8.45e-05  5.67e-04  3.66e-04     0.0
    9    -75.9593349856426840    -6.70e-07  6.18e-05  3.21e-04  1.62e-04     0.0
                 **** Energy Check signals convergence ****

               *****************************************************
               *                     SUCCESS                       *
               *           SCF CONVERGED AFTER   9 CYCLES          *
               *****************************************************

             **** ENERGY FILE WAS UPDATED (job.en.tmp) ****

----------------
TOTAL SCF ENERGY
----------------

Total Energy       :        -75.95933498564268 Eh           -2066.95859 eV

Components:
Nuclear Repulsion  :          9.06276653714852 Eh             246.61041 eV
Electronic Energy  :        -85.02210152279120 Eh           -2313.56900 eV
One Electron Energy:       -122.82410703790767 Eh           -3342.21387 eV
Two Electron Energy:         37.80200551511646 Eh            1028.64487 eV

Virial components:
Potential Energy   :       -151.67667426031340 Eh           -4127.33214 eV
Kinetic Energy     :         75.71733927467072 Eh            2060.37355 eV
Virial Ratio       :          2.00319604087109

---------------
SCF CONVERGENCE
---------------

  Last Energy change         ...    6.7033e-07  Tolerance :   1.0000e-06
  Last MAX-Density change    ...    3.2071e-04  Tolerance :   1.0000e-05
  Last RMS-Density change    ...    6.1790e-05  Tolerance :   1.0000e-06
  Last DIIS Error            ...    1.5409e-03  Tolerance :   1.0000e-06
  Last Orbital Gradient      ...    1.6158e-04  Tolerance :   5.0000e-05
  Last Orbital Rotation      ...    3.5925e-04  Tolerance :   5.0000e-05


----------------
ORBITAL ENERGIES
----------------

  NO   OCC          E(Eh)            E(eV) 
   0   2.0000     -20.545013      -559.0582 
   1   2.0000      -1.308342       -35.6018 
   2   2.0000      -0.705555       -19.1991 
   3   2.0000      -0.556017       -15.1300 
   4   2.0000      -0.495121       -13.4729 
   5   0.0000       0.174963         4.7610 
   6   0.0000       0.253010         6.8848 
   7   0.0000       0.804481        21.8910 
   8   0.0000       0.833921        22.6921 
   9   0.0000       1.185291        32.2534 
  10   0.0000       1.203419        32.7467 
  11   0.0000       1.265973        34.4489 
  12   0.0000       1.332052        36.2470 
  13   0.0000       1.579827        42.9893 
  14   0.0000       1.727939        47.0196 
  15   0.0000       1.831914        49.8489 
*Only the first 10 virtual orbitals were printed.

                    ********************************
                    * MULLIKEN POPULATION ANALYSIS *
                    ********************************

-----------------------
MULLIKEN ATOMIC CHARGES
-----------------------
   0 O :   -0.376227
   1 H :    0.188113
   2 H :    0.188114
Sum of atomic charges:    0.0000000

--------------------------------
MULLIKEN REDUCED ORBITAL CHARGES
--------------------------------
  0 O s       :     3.689188  s :     3.689188
      pz      :     1.537370  p :     4.676203
      px      :     1.287145
      py      :     1.851688
      dz2     :     0.003755  d :     0.010835
      dxz     :     0.000777
      dyz     :     0.002444
      dx2y2   :     0.003415
      dxy     :     0.000444

  1 H s       :     0.739117  s :     0.739117
      pz      :     0.015121  p :     0.072770
      px      :     0.040256
      py      :     0.017393

  2 H s       :     0.739117  s :     0.739117
      pz      :     0.032416  p :     0.072770
      px      :     0.018449
      py      :     0.021905



                     *******************************
                     * LOEWDIN POPULATION ANALYSIS *
                     *******************************

----------------------
LOEWDIN ATOMIC CHARGES
----------------------
   0 O :   -0.171907
   1 H :    0.085953
   2 H :    0.085954

-------------------------------
LOEWDIN REDUCED ORBITAL CHARGES
-------------------------------
  0 O s       :     3.426227  s :     3.426227
      pz      :     1.565982  p :     4.725954
      px      :     1.350661
      py      :     1.809311
      dz2     :     0.006625  d :     0.019726
      dxz     :     0.001503
      dyz     :     0.004066
      dx2y2   :     0.007071
      dxy     :     0.000461

  1 H s       :     0.735945  s :     0.735945
      pz      :     0.036374  p :     0.178102
      px      :     0.093612
      py      :     0.048116

  2 H s       :     0.735945  s :     0.735945
      pz      :     0.082518  p :     0.178101
      px      :     0.035429
      py      :     0.060154



                      *****************************
                      * MAYER POPULATION ANALYSIS *
                      *****************************

  NA   - Mulliken gross atomic population
  ZA   - Total nuclear charge
  QA   - Mulliken gross atomic charge
  VA   - Mayer's total valence
  BVA  - Mayer's bonded valence
  FA   - Mayer's free valence

  ATOM       NA         ZA         QA         VA         BVA        FA
  0 O      8.3762     8.0000    -0.3762     1.9755     1.9755     0.0000
  1 H      0.8119     1.0000     0.1881     0.9955     0.9955     0.0000
  2 H      0.8119     1.0000     0.1881     0.9955     0.9955     0.0000

  Mayer bond orders larger than 0.100000
B(  0-O ,  1-H ) :   0.9877 B(  0-O ,  2-H ) :   0.9877 

-------
TIMINGS
-------

Total SCF time: 0 days 0 hours 0 min 0 sec 

Total time                  ....       0.033 sec
Sum of individual times     ....       0.029 sec  ( 87.4%)

SCF preparation             ....       0.012 sec  ( 35.0%)
Fock matrix formation       ....       0.014 sec  ( 42.5%)
  Startup                   ....       0.000 sec  (  1.1% of F)
  Coulomb+Exchange Fock     ....       0.014 sec  ( 95.3% of F)
Diagonalization             ....       0.000 sec  (  0.0%)
Density matrix formation    ....       0.001 sec  (  1.5%)
Total Energy calculation    ....       0.000 sec  (  0.5%)
Population analysis         ....       0.001 sec  (  1.7%)
Orbital Transformation      ....       0.001 sec  (  1.5%)
Orbital Orthonormalization  ....       0.000 sec  (  0.0%)
DIIS solution               ....       0.001 sec  (  4.0%)
SOSCF solution              ....       0.000 sec  (  0.8%)
Finished LeanSCF after   0.0 sec

Maximum memory used throughout the entire LEANSCF-calculation: 6.1 MB


-------------------------------------------------------------------------------
                          DFT DISPERSION CORRECTION                            
                                                                               
                              DFTD3 V3.1  Rev 1                                
                          USING Becke-Johnson damping                          
-------------------------------------------------------------------------------
Hartree-Fock is recognized
A user input s6-coefficient scaling factor has been recognized
A user input a1-coefficient scaling factor has been recognized
A user input s8-coefficient scaling factor has been recognized
A user input a2-coefficient scaling factor has been recognized
Active option DFTDOPT                   ...         4   

molecular C6(AA) [au] = 44.540016 


            DFT-D V3
 parameters
 s6 scaling factor         :     0.6400 
 a1 scaling factor         :     0.3065 
 s8 scaling factor         :     0.9147 
 a2 scaling factor         :     5.0570 
 ad hoc parameters k1-k3   :    16.0000     1.3333    -4.0000 

 Edisp/kcal,au: -0.146964856740  -0.000234203382 
 E6   /kcal   :  -0.095225488 
 E8   /kcal   :  -0.051739368 
 % E8         :  35.205265815 

-------------------------   ----------------
Dispersion correction           -0.000234203
-------------------------   ----------------


-------------------------   --------------------
FINAL SINGLE POINT ENERGY       -75.959569189025
-------------------------   --------------------


------------------------------------------------------------------------------
                              ORCA PROPERTY CALCULATIONS
------------------------------------------------------------------------------

GBWName                                 ... job.gbw
Number of atoms                         ...      3
Number of basis functions               ...     24
Max core memory                         ...   1024 MB

Electric properties:
Dipole moment                           ... YES
Quadrupole moment                       ...  NO
Static polarizability (Dipole/Dipole)   ...  NO
Static polarizability (Dipole/Quad.)    ...  NO
Static polarizability (Quad./Quad.)     ...  NO
Static polarizability (Velocity)        ...  NO

Atomic electric properties:
Dipole moment                           ...  NO
Quadrupole moment                       ...  NO
Static polarizability                   ...  NO

Choice of electric origin               ... Center of mass
Position of electric origin             ...    -6.670878     3.312905    -0.086116

General magnetic properties:
Magnetizability                         ...  NO

EPR properties:
g-Tensor (aka g-matrix)                 ...  NO
Zero-Field splitting spin-orbit         ...  NO
Zero-field splitting spin-spin          ...  NO
Hyperfine couplings                     ...  NO (   0 nuclei)
Quadrupole couplings                    ...  NO (   0 nuclei)
Contact density                         ...  NO (   0 nuclei)

NMR properties:
Chemical shifts                         ...  NO (   0 nuclei)
Spin-rotation constants                 ...  NO (   0 nuclei)
Spin-spin couplings                     ...  NO (   0 nuclei,    0 pairs)

Choice of magnetic origin               ... GIAO
Position of magnetic origin             ...     0.000000     0.000000     0.000000

Properties with geometric perturbations:
SCF Hessian                             ...  NO
IR spectrum                             ...  NO
VCD spectrum                            ...  NO
X-ray spectroscopy properties:
SCF XES/XAS/RIXS spectra                ...  NO


-------------
DIPOLE MOMENT
-------------

Method             : SCF
Type of density    : Electron Density
Multiplicity       :   1
Irrep              :   0
Energy             :   -75.9593349856426840 Eh
Relativity type    : 
Basis              : AO
                                X                 Y                 Z
Electronic contribution:     -0.068853228       0.044292161       0.086716580
Nuclear contribution   :      0.538262653      -0.346253701      -0.677907797
                        -----------------------------------------
Total Dipole Moment    :      0.469409425      -0.301961540      -0.591191217
                        -----------------------------------------
Magnitude (a.u.)       :      0.813039381
Magnitude (Debye)      :      2.066581873



--------------------
Rotational spectrum 
--------------------
 
Rotational constants in cm-1:            30.020816            13.330758             9.231504 
Rotational constants in MHz :        900001.415264        399646.078923        276753.533742 

Dipole components along the rotational axes: 
x,y,z [a.u.] :     0.000002    -0.813039     0.000000 
x,y,z [Debye]:     0.000005    -2.066582     0.000000 

 

Dipole moment calculation done in   0.0 sec 

Maximum memory used throughout the entire PROP-calculation: 1.4 MB

--------------------------------
SUGGESTED CITATIONS FOR THIS RUN
--------------------------------

Below you find a list of papers that are relevant to this ORCA run
We neither can nor want to force you to cite these papers, but we appreciate if you do
You receive ORCA, which is the product of decades of hard work by many enthusiastic individuals, for free
The only thing we kindly ask in return is that you cite our papers,
We deeply appreciate it, if you show your appreciation for ORCA by not just citing the generic ORCA reference.

Please note that relegating all ORCA citations to the supporting information does *not* help us.
SI sections are not indexed - citations you put there will not count into any citation statistics
But we need these citations in order to attract the funding resources that allow us to do what we are doing

Therefore, if you are a happy ORCA user, please consider citing a few of the papers listed below in the main body of your paper

In addition to the list printed below, the program has created the file job.bibtex that contains the list in bibtex format
You can import this file easily into all common literature databanks and citation aid programs


List of essential papers. We consider these as the minimum necessary citations

  1. Neese,F.
     Software update: the ORCA program system, version 5.0
     WIRES Comput. Molec. Sci., 2022 12(1)e1606
     doi.org/10.1002/wcms.1606

List of papers to cite with high priority. The work reported in these papers was absolutely
necessary for this run to complete.
Our perspective: the developers of density functionals and basis sets usually get cited in chemistry papers
Good! But without the algorithms to do something with them, the functionals or basis sets would not do anything.
Hence, in our opinion, the algorithm design and method developments papers are equally worthy of getting cited

  1. Neese,F.
     The SHARK Integral Generation and Digestion System
     J. Comp. Chem., 2022  1-16
     doi.org/10.1002/jcc.26942
  2. Grimme,S.; Antony,J.; Ehrlich,S.; Krieg,H.
     A consistent and accurate ab initio parametrization of density functional dispersion correction (DFT-D) for the 94 elements H-Pu
     J. Chem. Phys., 2010 132 154104-XXXX
     doi.org/10.1063/1.3382344
  3. Grimme,S.; Ehrlich,S.; Goerigk,L.
     Effect of the damping function in dispersion corrected density functional theory
     J. Comput. Chem., 2011 32(7)1456-1465
     doi.org/10.1002/jcc.21759

List of suggested additional citations. These are papers that are important in the 'surrounding' of 
of this run, or papers that preceded the highly important papers. If you like your results we are grateful for a citation.

  1. Neese,F.
     The ORCA program system
     WIRES Comput. Molec. Sci., 2012 2(1)73-78
     doi.org/10.1002/wcms.81
  2. Neese,F.
     Software update: the ORCA program system, version 4.0
     WIRES Comput. Molec. Sci., 2018 8(1)1-6
     doi.org/10.1002/wcms.1327
  3. Neese,F.; Wennmohs,F.; Becker,U.; Riplinger,C.
     The ORCA quantum chemistry program package
     J. Chem. Phys., 2020 152 Art. No. L224108
     doi.org/10.1063/5.0004608

List of optional additional citations

  1. Neese,F.
     Approximate second-order SCF convergence for spin unrestricted wavefunctions
     Chem. Phys. Lett., 2000 325(1-3)93-98
     doi.org/10.1016/s0009-2614(00)00662-x

Timings for individual modules:

Sum of individual times          ...        0.146 sec (=   0.002 min)
Startup calculation              ...        0.054 sec (=   0.001 min)  36.8 %
SCF iterations                   ...        0.072 sec (=   0.001 min)  49.1 %
Property calculations            ...        0.021 sec (=   0.000 min)  14.1 %
                             ****ORCA TERMINATED NORMALLY****
TOTAL RUN TIME: 0 days 0 hours 0 minutes 0 seconds 200 msec
