### Write /etc/resolv.conf
nameserver 69.20.0.196
nameserver 69.20.0.164
### Write /etc/sysconfig/network/ifcfg-eth0
# Automatically generated, do not edit
BOOTPROTO=static
LLADDR=bc:76:4e:20:d7:2f
STARTMODE=auto
IPADDR=146.20.110.113
NETMASK=255.255.255.0
IPV6INIT=yes
IPV6_PRIVACY=no
IPV6_AUTOCONF=no
IPV6ADDR=2001:4802:7807:103:be76:4eff:fe20:d72f/64
IPV6_DEFAULTGW=fe80::def
### Write /etc/sysconfig/network/ifroute-eth0
default 146.20.110.1
### Write /etc/sysconfig/network/ifcfg-eth1
# Automatically generated, do not edit
BOOTPROTO=static
LLADDR=bc:76:4e:20:d7:33
STARTMODE=auto
IPADDR=10.210.32.174
NETMASK=255.255.224.0
### Write /etc/sysconfig/network/ifroute-eth1
10.176.0.0 10.210.32.1 255.240.0.0
10.208.0.0 10.210.32.1 255.240.0.0
### Write /etc/sysconfig/network/ifroute6-eth0
fd30::/48 via fe80::f001
