
     Program BANDS v.5.4.0 starts on 22Aug2017 at  1:48:10

     This program is part of the open-source Quantum ESPRESSO suite
     for quantum simulation of materials; please cite
         "P. Giannozzi et al., J. Phys.:Condens. Matter 21 395502 (2009);
          URL http://www.quantum-espresso.org",
     in publications or presentations arising from this work. More details at
     http://www.quantum-espresso.org/quote

     Serial version

     Reading data from directory:
     /home/exadmin/data/exadmin-default/new-job-aug-21st-2017-18-47-pm-cmF9STjvfyTkoJcte/outdir/__prefix__.save

   Info: using nr1, nr2, nr3 values from input

   Info: using nr1, nr2, nr3 values from input

     IMPORTANT: XC functional enforced from input :
     Exchange-correlation      = SLA  PW   PBE  PBE ( 1  4  3  4 0 0)
     Any further DFT definition will be discarded
     Please, verify this is what you really want


     G-vector sticks info
     --------------------
     sticks:   dense  smooth     PW     G-vecs:    dense   smooth      PW
     Sum         745     583    169                13323     9409    1471

     high-symmetry point:  0.0000 0.0000 0.0000   x coordinate   0.0000
     high-symmetry point:  0.2887 0.2041-0.5000   x coordinate   0.6124
     high-symmetry point:  0.0000-0.6124 0.0000   x coordinate   1.6124
     high-symmetry point:  0.2887-0.4082-0.5000   x coordinate   2.2247
     high-symmetry point: -0.5774 0.2041 0.0000   x coordinate   3.3973
     high-symmetry point: -0.5774-0.4082 0.0000   x coordinate   4.0097

     Plottable bands written to file /home/exadmin/data/exadmin-default/new-job-aug-21st-2017-18-47-pm-cmF9STjvfyTkoJcte/bands.dat.gnu
     Bands written to file /home/exadmin/data/exadmin-default/new-job-aug-21st-2017-18-47-pm-cmF9STjvfyTkoJcte/bands.dat

     BANDS        :     0.64s CPU         0.70s WALL


   This run was terminated on:   1:48:11  22Aug2017

=------------------------------------------------------------------------------=
   JOB DONE.
=------------------------------------------------------------------------------=
