
     Program PWSCF v.5.4.0 starts on 22Aug2017 at  1:48: 5

     This program is part of the open-source Quantum ESPRESSO suite
     for quantum simulation of materials; please cite
         "P. Giannozzi et al., J. Phys.:Condens. Matter 21 395502 (2009);
          URL http://www.quantum-espresso.org",
     in publications or presentations arising from this work. More details at
     http://www.quantum-espresso.org/quote

     Serial version
     Reading input from pw_bands.in
Warning: card &IONS ignored
Warning: card / ignored
Warning: card &CELL ignored
Warning: card / ignored

     Current dimensions of program PWSCF are:
     Max number of different atomic species (ntypx) = 10
     Max number of k-points (npk) =  40000
     Max angular momentum in pseudopotentials (lmaxx) =  3

     Atomic positions and unit cell read from directory:
     /home/exadmin/data/exadmin-default/new-job-aug-21st-2017-18-47-pm-cmF9STjvfyTkoJcte/outdir/__prefix__.save/


     G-vector sticks info
     --------------------
     sticks:   dense  smooth     PW     G-vecs:    dense   smooth      PW
     Sum         745     583    169                13323     9409    1471



     bravais-lattice index     =            0
     lattice parameter (alat)  =       7.3076  a.u.
     unit-cell volume          =     275.9333 (a.u.)^3
     number of atoms/cell      =            2
     number of atomic types    =            1
     number of electrons       =         8.00
     number of Kohn-Sham states=            8
     kinetic-energy cutoff     =      40.0000  Ry
     charge density cutoff     =     200.0000  Ry
     Exchange-correlation      = SLA  PW   PBE  PBE ( 1  4  3  4 0 0)

     celldm(1)=   7.307571  celldm(2)=   0.000000  celldm(3)=   0.000000
     celldm(4)=   0.000000  celldm(5)=   0.000000  celldm(6)=   0.000000

     crystal axes: (cart. coord. in units of alat)
               a(1) = (   0.866025   0.000000   0.500000 )
               a(2) = (   0.288675   0.816497   0.500000 )
               a(3) = (   0.000000   0.000000   1.000000 )

     reciprocal axes: (cart. coord. in units 2 pi/alat)
               b(1) = (  1.154701 -0.408248  0.000000 )
               b(2) = (  0.000000  1.224745  0.000000 )
               b(3) = ( -0.577350 -0.408248  1.000000 )


     PseudoPot. # 1 for Si read from file:
     /home/exadmin/data/exadmin-default/new-job-aug-21st-2017-18-47-pm-cmF9STjvfyTkoJcte/pseudo/si_pbe_gbrv_1.0.upf
     MD5 check sum: a056efeee980c13900f22a371efd63c1
     Pseudo is Ultrasoft + core correction, Zval =  4.0
     Generated by new atomic code, or converted to UPF format
     Using radial grid of  899 points,  6 beta functions with:
                l(1) =   0
                l(2) =   0
                l(3) =   1
                l(4) =   1
                l(5) =   2
                l(6) =   2
     Q(r) pseudized with  8 coefficients,  rinner =    0.900   0.900   0.900
                                                       0.900   0.900

     atomic species   valence    mass     pseudopotential
        Si             4.00    28.08550     Si( 1.00)

      4 Sym. Ops., with inversion, found ( 2 have fractional translation)



   Cartesian axes

     site n.     atom                  positions (alat units)
         1           Si  tau(   1) = (   0.0000000   0.0000000   0.0000000  )
         2           Si  tau(   2) = (   0.2886752   0.2041241   0.5000000  )

     number of k points=     6  gaussian smearing, width (Ry)=  0.0050
                       cart. coord. in units 2pi/alat
        k(    1) = (   0.0000000   0.0000000   0.0000000), wk =   0.2500000
        k(    2) = (   0.2886751   0.2041241  -0.5000000), wk =   0.5000000
        k(    3) = (   0.0000000  -0.6123725   0.0000000), wk =   0.2500000
        k(    4) = (   0.2886751  -0.4082483  -0.5000000), wk =   0.5000000
        k(    5) = (  -0.5773503   0.2041242   0.0000000), wk =   0.2500000
        k(    6) = (  -0.5773503  -0.4082482   0.0000000), wk =   0.2500000

     Dense  grid:    13323 G-vectors     FFT dimensions: (  36,  36,  36)

     Smooth grid:     9409 G-vectors     FFT dimensions: (  30,  30,  30)

     Largest allocated arrays     est. size (Mb)     dimensions
        Kohn-Sham Wavefunctions         0.15 Mb     (    1243,    8)
        NL pseudopotentials             0.68 Mb     (    1243,   36)
        Each V/rho on FFT grid          0.71 Mb     (   46656)
        Each G-vector array             0.10 Mb     (   13323)
        G-vector shells                 0.03 Mb     (    3473)
     Largest temporary arrays     est. size (Mb)     dimensions
        Auxiliary wavefunctions         0.61 Mb     (    1243,   32)
        Each subspace H/S matrix        0.02 Mb     (      32,   32)
        Each <psi_i|beta_j> matrix      0.00 Mb     (      36,    8)

     The potential is recalculated from file :
     /home/exadmin/data/exadmin-default/new-job-aug-21st-2017-18-47-pm-cmF9STjvfyTkoJcte/outdir/__prefix__.save/charge-density.dat

     Starting wfc are    8 randomized atomic wfcs

     Band Structure Calculation
     Davidson diagonalization with overlap

     ethr =  1.25E-08,  avg # of iterations = 11.0

     total cpu time spent up to now is        1.3 secs

     End of band structure calculation

          k = 0.0000 0.0000 0.0000 (  1243 PWs)   bands (ev):

    -5.5967   6.2719   6.2719   6.2719   8.7129   8.7129   8.7129   9.4187

          k = 0.2887 0.2041-0.5000 (  1170 PWs)   bands (ev):

    -3.2999  -0.6626   5.0631   5.0632   7.6979   9.4943   9.4943  13.9005

          k = 0.0000-0.6124 0.0000 (  1170 PWs)   bands (ev):

    -3.2999  -0.6626   5.0631   5.0632   7.6979   9.4943   9.4943  13.9005

          k = 0.2887-0.4082-0.5000 (  1162 PWs)   bands (ev):

    -1.5084  -1.5084   3.4128   3.4128   6.9224   6.9224  16.1505  16.1505

          k =-0.5774 0.2041 0.0000 (  1170 PWs)   bands (ev):

    -3.2999  -0.6626   5.0632   5.0632   7.6979   9.4943   9.4943  13.9005

          k =-0.5774-0.4082 0.0000 (  1162 PWs)   bands (ev):

    -1.5084  -1.5084   3.4128   3.4128   6.9224   6.9224  16.1505  16.1505

     Writing output data file __prefix__.save

     init_run     :      0.56s CPU      0.60s WALL (       1 calls)
     electrons    :      0.15s CPU      0.64s WALL (       1 calls)

     Called by init_run:
     wfcinit      :      0.00s CPU      0.00s WALL (       1 calls)
     potinit      :      0.03s CPU      0.04s WALL (       1 calls)

     Called by electrons:
     c_bands      :      0.15s CPU      0.64s WALL (       1 calls)
     v_of_rho     :      0.03s CPU      0.03s WALL (       1 calls)
     newd         :      0.03s CPU      0.04s WALL (       1 calls)

     Called by c_bands:
     init_us_2    :      0.00s CPU      0.00s WALL (       6 calls)
     cegterg      :      0.12s CPU      0.57s WALL (       6 calls)

     Called by sum_band:

     Called by *egterg:
     h_psi        :      0.10s CPU      0.47s WALL (      78 calls)
     s_psi        :      0.01s CPU      0.03s WALL (      78 calls)
     g_psi        :      0.00s CPU      0.00s WALL (      66 calls)
     cdiaghg      :      0.00s CPU      0.01s WALL (      72 calls)

     Called by h_psi:
     add_vuspsi   :      0.01s CPU      0.03s WALL (      78 calls)

     General routines
     calbec       :      0.01s CPU      0.04s WALL (      78 calls)
     fft          :      0.00s CPU      0.01s WALL (      13 calls)
     ffts         :      0.00s CPU      0.00s WALL (       1 calls)
     fftw         :      0.08s CPU      0.34s WALL (    1016 calls)
     interpolate  :      0.00s CPU      0.00s WALL (       1 calls)
     davcio       :      0.00s CPU      0.00s WALL (      12 calls)


     PWSCF        :     0.80s CPU         1.35s WALL


   This run was terminated on:   1:48: 6  22Aug2017

=------------------------------------------------------------------------------=
   JOB DONE.
=------------------------------------------------------------------------------=
