acint = 1.0108e+00 ± 1.7251e-02
corrtime int = 2.1805e+01 ± 3.7213e-01
---
