acint = 9.8277e-01 ± 1.5567e-02
corrtime int = 4.9226e-01 ± 7.7972e-03
---
