acint = 9.8816e-01 ± 1.2692e-02
corrtime int = 3.9973e+01 ± 5.1343e-01
---
