acint = 9.96431e-01 ± 2.33953e-02
corrtime int = 2.14947e+01 ± 5.04677e-01
---
