acint = 9.7199e-01 ± 2.2732e-02
corrtime int = 3.9319e+01 ± 9.1955e-01
---
