acint = 9.8346e-01 ± 6.6966e-03
corrtime int = 4.9260e-01 ± 3.3543e-03
---
