acint = 1.0111e+00 ± 1.7350e-02
corrtime int = 1.7164e+00 ± 2.9453e-02
---
