acint = 1.0036e+00 ± 1.9375e-02
corrtime int = 1.7037e+00 ± 3.2891e-02
---
