acint = 9.9643e-01 ± 2.3442e-02
corrtime int = 2.1495e+01 ± 5.0569e-01
---
